// Jest Snapshot v1, https://goo.gl/fbAQLP

exports[`<App /> should render 1`] = `
<App
  name="Test"
>
  <div>
    <ForwardRef
      type="heading1"
    >
      <h1>
        Test
      </h1>
    </ForwardRef>
    <ForwardRef>
      <p>
        Lorem ipsum dolor sit amet, consectetur adipisicing elit. Doloribus perferendis molestiae.
      </p>
    </ForwardRef>
    <ForwardRef>
      <button
        type="button"
      >
        My Button
      </button>
    </ForwardRef>
  </div>
</App>
`;
