// Jest Snapshot v1, https://goo.gl/fbAQLP

exports[`@lukejamesk/core should match snapshot 1`] = `
Array [
  "Breakpoints",
  "ButtonBase",
  "ButtonBaseInteractor",
  "Expander",
  "ExpanderBodyInteractor",
  "ExpanderContext",
  "ExpanderHeaderInteractor",
  "ExpanderInteractor",
  "HideAt",
  "Icon",
  "ShowAt",
  "Typography",
  "library",
  "useBreakpoints",
  "useWindowSize",
]
`;
