// Jest Snapshot v1, https://goo.gl/fbAQLP

exports[`@lukejamesk/core/interactors should match snapshot 1`] = `
Array [
  "ButtonBaseInteractor",
  "ExpanderBodyInteractor",
  "ExpanderHeaderInteractor",
  "ExpanderInteractor",
]
`;
