// Jest Snapshot v1, https://goo.gl/fbAQLP

exports[`defaultTheme Snapshot 1`] = `
Object {
  "breakpoints": Object {
    "l": 1280,
    "m": 768,
    "s": 480,
    "xl": 1920,
    "xs": 320,
    "xxl": 2560,
    "xxs": 0,
  },
  "icons": Object {
    "l": 48,
    "m": 24,
    "s": 12,
  },
  "palette": Object {
    "backgroundColor": "#fff",
    "borderLight": "#e6e6e6",
    "dark": "#222",
    "light": "#efefef",
    "primary": "#39c5ff",
    "secondary": "#5c946e",
    "text": "rgba(40, 40, 40, .9)",
  },
  "spacing": Object {
    "l": 20,
    "m": 16,
    "s": 12,
    "xl": 24,
    "xs": 8,
    "xxl": 28,
    "xxs": 4,
  },
  "typography": Object {
    "bold": 600,
    "button": Object {
      "fontFamily": "Verdana, Arial, Sans-serif",
      "fontSize": 14,
    },
    "fontFamily": "Helvetica, Arial, Sans-serif",
    "fontSize": 14,
    "heading1": Object {
      "fontFamily": "Verdana, Arial, Sans-serif",
      "fontSize": 25,
      "fontWeight": 600,
    },
    "heading2": Object {
      "fontFamily": "Verdana, Arial, Sans-serif",
      "fontSize": 21,
      "fontWeight": 600,
    },
    "heading3": Object {
      "fontFamily": "Verdana, Arial, Sans-serif",
      "fontSize": 18,
      "fontWeight": 600,
    },
  },
}
`;
