// Jest Snapshot v1, https://goo.gl/fbAQLP

exports[`@lukejamesk/design-system should match snapshot 1`] = `
Array [
  "Button",
  "ButtonIcon",
  "ExpansionPanel",
  "ExpansionPanelBody",
  "ExpansionPanelHeader",
  "Icon",
  "Typography",
  "buttonIconVariants",
  "buttonVariants",
  "iconSizes",
  "iconVariants",
  "typographyVariants",
]
`;
