// Jest Snapshot v1, https://goo.gl/fbAQLP

exports[`<Spinner /> should render 1`] = `
<span
  class="ljk-spinner-m"
/>
`;
