// Jest Snapshot v1, https://goo.gl/fbAQLP

exports[`@lukejamesk/test-utils should match snapshot 1`] = `
Array [
  "changeWindowWidth",
  "createInteractor",
  "extendInteractor",
  "mergeInteractor",
  "setWindowWidth",
  "testPackageExports",
]
`;
